#
# A fatal error has been detected by the Java Runtime Environment:
#
#  EXCEPTION_ACCESS_VIOLATION (0xc0000005) at pc=0x000001ed337040a0, pid=8664, tid=6396
#
# JRE version: Java(TM) SE Runtime Environment (21.0.7+8) (build 21.0.7+8-LTS-245)
# Java VM: Java HotSpot(TM) 64-Bit Server VM (21.0.7+8-LTS-245, mixed mode, emulated-client, sharing, tiered, compressed oops, compressed class ptrs, g1 gc, windows-amd64)
# Problematic frame:
# v  ~RuntimeStub::load_klass_patching Runtime1 stub 0x000001ed337040a0
#
# No core dump will be written. Minidumps are not enabled by default on client versions of Windows
#
# If you would like to submit a bug report, please visit:
#   https://bugreport.java.com/bugreport/crash.jsp
#

---------------  S U M M A R Y ------------

Command Line: -XX:TieredStopAtLevel=1 com.tomapedido.backend.BackendApplication

Host: Intel(R) Pentium(R) CPU B940 @ 2.00GHz, 2 cores, 5G,  Windows 10 , 64 bit Build 19041 (10.0.19041.3636)
Time: Fri Jul 31 20:33:51 2026 Hora estándar de Argentina elapsed time: 29303.585857 seconds (0d 8h 8m 23s)

---------------  T H R E A D  ---------------

Current thread (0x000001ed0294e4e0):  JavaThread "SpringApplicationShutdownHook"        [_thread_in_Java, id=6396, stack(0x0000005bc1700000,0x0000005bc1800000) (1024K)]

Stack: [0x0000005bc1700000,0x0000005bc1800000],  sp=0x0000005bc17fe2a0,  free space=1016k
Native frames: (J=compiled Java code, j=interpreted, Vv=VM code, C=native code)
C  0x000001ed337040a0

The last pc belongs to load_klass_patching Runtime1 stub (printed below).

siginfo: EXCEPTION_ACCESS_VIOLATION (0xc0000005), writing address 0x0000000000000000


Registers:
RAX=0x0000000000000000, RBX=0x0000005bc17fe740, RCX=0x167d709746420000, RDX=0x0000005bc17fcf98
RSP=0x0000005bc17fe2a0, RBP=0x0000005bc17fe730, RSI=0x00000000a3a3f520, RDI=0x0000000000000001
R8 =0x000001ed33ed6eff, R9 =0x000001ed36600000, R10=0x000001ed33600000, R11=0x000001ed3b1b0580
R12=0x0000000000000000, R13=0x000001ed33ed65f4, R14=0x0000005bc17fe738, R15=0x000001ed0294e4e0
RIP=0x000001ed337040a0, EFLAGS=0x0000000000010246


Register to memory mapping:

RAX=0x0 is null
RBX=0x0000005bc17fe740 is pointing into the stack for thread: 0x000001ed0294e4e0
RCX=0x167d709746420000 is an unknown value
RDX=0x0000005bc17fcf98 is pointing into the stack for thread: 0x000001ed0294e4e0
RSP=0x0000005bc17fe2a0 is pointing into the stack for thread: 0x000001ed0294e4e0
RBP=0x0000005bc17fe730 is pointing into the stack for thread: 0x000001ed0294e4e0
RSI=0x00000000a3a3f520 is an oop: java.util.concurrent.locks.AbstractQueuedSynchronizer$ExclusiveNode 
{0x00000000a3a3f520} - klass: 'java/util/concurrent/locks/AbstractQueuedSynchronizer$ExclusiveNode'
 - ---- fields (total size 4 words):
 - volatile 'status' 'I' @12  0 (0x00000000)
 - volatile 'prev' 'Ljava/util/concurrent/locks/AbstractQueuedSynchronizer$Node;' @16  null (0x00000000)
 - volatile 'next' 'Ljava/util/concurrent/locks/AbstractQueuedSynchronizer$Node;' @20  null (0x00000000)
 - 'waiter' 'Ljava/lang/Thread;' @24  null (0x00000000)
RDI=0x0000000000000001 is an unknown value
R8 =0x000001ed33ed6eff is at entry_point+2719 in (nmethod*)0x000001ed33ed6190
Compiled method (c1) 29303800 5058   !   1       java.util.concurrent.locks.AbstractQueuedSynchronizer::acquire (424 bytes)
 total in heap  [0x000001ed33ed6190,0x000001ed33ed78b8] = 5928
 relocation     [0x000001ed33ed62f0,0x000001ed33ed6450] = 352
 main code      [0x000001ed33ed6460,0x000001ed33ed71b8] = 3416
 stub code      [0x000001ed33ed71b8,0x000001ed33ed72a8] = 240
 metadata       [0x000001ed33ed72a8,0x000001ed33ed72d0] = 40
 scopes data    [0x000001ed33ed72d0,0x000001ed33ed7578] = 680
 scopes pcs     [0x000001ed33ed7578,0x000001ed33ed77a8] = 560
 dependencies   [0x000001ed33ed77a8,0x000001ed33ed77b8] = 16
 handler table  [0x000001ed33ed77b8,0x000001ed33ed7848] = 144
 nul chk table  [0x000001ed33ed7848,0x000001ed33ed78b8] = 112
R9 =0x000001ed36600000 points into unknown readable memory: 0x0100050403020100 | 00 01 02 03 04 05 00 01
R10=0x000001ed33600000 points into unknown readable memory: 0x0000000000000006 | 06 00 00 00 00 00 00 00
R11={method} {0x000001ed3b1b0588} 'acquire' '(Ljava/util/concurrent/locks/AbstractQueuedSynchronizer$Node;IZZZJ)I' in 'java/util/concurrent/locks/AbstractQueuedSynchronizer'
R12=0x0 is null
R13=0x000001ed33ed65f4 is at entry_point+404 in (nmethod*)0x000001ed33ed6190
Compiled method (c1) 29303850 5058   !   1       java.util.concurrent.locks.AbstractQueuedSynchronizer::acquire (424 bytes)
 total in heap  [0x000001ed33ed6190,0x000001ed33ed78b8] = 5928
 relocation     [0x000001ed33ed62f0,0x000001ed33ed6450] = 352
 main code      [0x000001ed33ed6460,0x000001ed33ed71b8] = 3416
 stub code      [0x000001ed33ed71b8,0x000001ed33ed72a8] = 240
 metadata       [0x000001ed33ed72a8,0x000001ed33ed72d0] = 40
 scopes data    [0x000001ed33ed72d0,0x000001ed33ed7578] = 680
 scopes pcs     [0x000001ed33ed7578,0x000001ed33ed77a8] = 560
 dependencies   [0x000001ed33ed77a8,0x000001ed33ed77b8] = 16
 handler table  [0x000001ed33ed77b8,0x000001ed33ed7848] = 144
 nul chk table  [0x000001ed33ed7848,0x000001ed33ed78b8] = 112
R14=0x0000005bc17fe738 is pointing into the stack for thread: 0x000001ed0294e4e0
R15=0x000001ed0294e4e0 is a thread

Top of Stack: (sp=0x0000005bc17fe2a0)
0x0000005bc17fe2a0:   000001ed0294e4e0 00007ffb2cb2e249
0x0000005bc17fe2b0:   000001ed0294e4e0 000001ed01e74ff8
0x0000005bc17fe2c0:   000001ed7c1081e8 0000000000000000
0x0000005bc17fe2d0:   0000000000000000 0000000000000000
0x0000005bc17fe2e0:   0000000000000000 0000000000000000
0x0000005bc17fe2f0:   0000000000000000 0000000000000000
0x0000005bc17fe300:   0000000000000000 0000000000000000
0x0000005bc17fe310:   0000000000000000 0000000000000000
0x0000005bc17fe320:   0000000000000000 0000000000000000
0x0000005bc17fe330:   0000000000000000 0000000000000000
0x0000005bc17fe340:   0000000000000000 0000000000000000
0x0000005bc17fe350:   00000000000007ff 00007ffb2cb2e3ad
0x0000005bc17fe360:   000001ed29730000 0000005bc17fe3c9
0x0000005bc17fe370:   000001ed01e74f00 000001ed01e74ff0
0x0000005bc17fe380:   000001ed3ac95db0 00000000000005fa
0x0000005bc17fe390:   000001ed29739264 000001ed29730150
0x0000005bc17fe3a0:   00001626b1e8a492 00000000000003ff
0x0000005bc17fe3b0:   000001ed01de5020 0000000000000000
0x0000005bc17fe3c0:   00001626b1e8a4d2 00000000000003ff
0x0000005bc17fe3d0:   000001ed7d8cd840 0000005bc17fe6d0
0x0000005bc17fe3e0:   000001ed7d8cd840 0000000000000000
0x0000005bc17fe3f0:   000001ed7c1081e8 00007ffadcb92388
0x0000005bc17fe400:   000001ed3c066a68 00007ffadcf220d0
0x0000005bc17fe410:   00000000000005fa 000001ed029257d8
0x0000005bc17fe420:   0000005bc17fe4c8 00007ffadcb92a65
0x0000005bc17fe430:   000001ed29730000 000001ed29730000
0x0000005bc17fe440:   00000000000007ff 6465310000000500
0x0000005bc17fe450:   0000005bc17fe550 00007ffadccee572
0x0000005bc17fe460:   00000000001b0050 000001ed02f7df60
0x0000005bc17fe470:   00001626b1e89712 00007ffadcd75865
0x0000005bc17fe480:   0000000000000007 00007ffadcf25bb4
0x0000005bc17fe490:   000001ed0294e4e0 000001ed0294e4e0 

Instructions: (pc=0x000001ed337040a0)
0x000001ed33703fa0:   84 5b ad ff ff 49 8b 47 08 49 c7 47 08 00 00 00
0x000001ed33703fb0:   00 48 8b 94 24 98 04 00 00 49 89 87 f8 04 00 00
0x000001ed33703fc0:   49 89 97 00 05 00 00 f2 0f 10 44 24 28 f2 0f 10
0x000001ed33703fd0:   4c 24 30 f2 0f 10 54 24 38 f2 0f 10 5c 24 40 f2
0x000001ed33703fe0:   0f 10 64 24 48 f2 0f 10 6c 24 50 f2 0f 10 74 24
0x000001ed33703ff0:   58 f2 0f 10 7c 24 60 f2 44 0f 10 44 24 68 f2 44
0x000001ed33704000:   00 00 00 00 00 00 00 00 00 00 00 00 00 00 00 00
0x000001ed33704010:   00 00 00 00 00 00 00 00 00 00 00 00 00 00 00 00
0x000001ed33704020:   00 00 00 00 00 00 00 00 00 00 00 00 00 00 00 00
0x000001ed33704030:   00 00 00 00 00 00 00 00 00 00 00 00 00 00 00 00
0x000001ed33704040:   00 00 00 00 00 00 00 00 00 00 00 00 00 00 00 00
0x000001ed33704050:   00 00 00 00 00 00 00 00 00 00 00 00 00 00 00 00
0x000001ed33704060:   00 00 00 00 00 00 00 00 00 00 00 00 00 00 00 00
0x000001ed33704070:   00 00 00 00 00 00 00 00 00 00 00 00 00 00 00 00
0x000001ed33704080:   00 00 00 00 00 00 00 00 00 00 00 00 00 00 00 00
0x000001ed33704090:   00 00 00 00 00 00 00 00 00 00 00 00 00 00 00 00
0x000001ed337040a0:   00 00 00 00 00 00 00 00 00 00 00 00 00 00 00 00
0x000001ed337040b0:   00 00 00 00 00 00 00 00 00 00 00 00 00 00 00 00
0x000001ed337040c0:   00 00 00 00 00 00 00 00 00 00 00 00 00 00 00 00
0x000001ed337040d0:   00 00 00 00 00 00 00 00 00 00 00 00 00 00 00 00
0x000001ed337040e0:   00 00 00 00 00 00 00 00 00 00 00 00 00 00 00 00
0x000001ed337040f0:   00 00 00 00 00 00 00 00 00 00 00 00 00 00 00 00
0x000001ed33704100:   00 00 f2 44 0f 10 ac 24 90 00 00 00 f2 44 0f 10
0x000001ed33704110:   b4 24 98 00 00 00 f2 44 0f 10 bc 24 a0 00 00 00
0x000001ed33704120:   48 81 c4 10 04 00 00 4c 8b 3c 24 4c 8b 74 24 08
0x000001ed33704130:   4c 8b 6c 24 10 4c 8b 64 24 18 4c 8b 5c 24 20 4c
0x000001ed33704140:   8b 54 24 28 4c 8b 4c 24 30 4c 8b 44 24 38 48 8b
0x000001ed33704150:   7c 24 40 48 8b 74 24 48 48 8b 6c 24 50 48 8b 5c
0x000001ed33704160:   24 60 48 8b 54 24 68 48 8b 4c 24 70 48 8b 44 24
0x000001ed33704170:   78 48 81 c4 80 00 00 00 c9 e9 97 0a f5 ff f2 0f
0x000001ed33704180:   10 44 24 28 f2 0f 10 4c 24 30 f2 0f 10 54 24 38
0x000001ed33704190:   f2 0f 10 5c 24 40 f2 0f 10 64 24 48 f2 0f 10 6c 


Stack slot to memory mapping:

stack at sp + 0 slots: 0x000001ed0294e4e0 is a thread
stack at sp + 1 slots: 0x00007ffb2cb2e249 ntdll.dll
stack at sp + 2 slots: 0x000001ed0294e4e0 is a thread
stack at sp + 3 slots: 0x000001ed01e74ff8 points into unknown readable memory: 0x08202bfa9077f3b0 | b0 f3 77 90 fa 2b 20 08
stack at sp + 4 slots: {method} {0x000001ed7c1081f0} 'await' '()V' in 'java/util/concurrent/CountDownLatch'
stack at sp + 5 slots: 0x0 is null
stack at sp + 6 slots: 0x0 is null
stack at sp + 7 slots: 0x0 is null

--------------------------------------------------------------------------------
Decoding CodeBlob, name: load_klass_patching Runtime1 stub, at  [0x000001ed33703e80, 0x000001ed33704258]  984 bytes
[MachCode]
  0x000001ed33703e80: 5548 8bec | 4881 ec80 | 0000 0048 | 8944 2478 | 4889 4c24 | 7048 8954 | 2468 4889 | 5c24 6048 
  0x000001ed33703ea0: 896c 2450 | 4889 7424 | 4848 897c | 2440 4c89 | 4424 384c | 894c 2430 | 4c89 5424 | 284c 895c 
  0x000001ed33703ec0: 2420 4c89 | 6424 184c | 896c 2410 | 4c89 7424 | 084c 893c | 2448 81ec | 1004 0000 | f20f 1144 
  0x000001ed33703ee0: 2428 f20f | 114c 2430 | f20f 1154 | 2438 f20f | 115c 2440 | f20f 1164 | 2448 f20f | 116c 2450 
  0x000001ed33703f00: f20f 1174 | 2458 f20f | 117c 2460 | f244 0f11 | 4424 68f2 | 440f 114c | 2470 f244 | 0f11 5424 
  0x000001ed33703f20: 78f2 440f | 119c 2480 | 0000 00f2 | 440f 11a4 | 2488 0000 | 00f2 440f | 11ac 2490 | 0000 00f2 
  0x000001ed33703f40: 440f 11b4 | 2498 0000 | 00f2 440f | 11bc 24a0 | 0000 0049 | 8bcf 4989 | afa8 0300 | 0049 89a7 
  0x000001ed33703f60: 9803 0000 | 48b8 4058 | afdc fa7f | 0000 ffd0 | 49c7 8798 | 0300 0000 | 0000 0049 | c787 a803 
  0x000001ed33703f80: 0000 0000 | 0000 49c7 | 87a0 0300 | 0000 0000 | 0049 837f | 0800 0f84 | 0401 0000 | 4885 c00f 
  0x000001ed33703fa0: 845b adff | ff49 8b47 | 0849 c747 | 0800 0000 | 0048 8b94 | 2498 0400 | 0049 8987 | f804 0000 
  0x000001ed33703fc0: 4989 9700 | 0500 00f2 | 0f10 4424 | 28f2 0f10 | 4c24 30f2 | 0f10 5424 | 38f2 0f10 | 5c24 40f2 
  0x000001ed33703fe0: 0f10 6424 | 48f2 0f10 | 6c24 50f2 | 0f10 7424 | 58f2 0f10 | 7c24 60f2 | 440f 1044 | 2468 f244 
  0x000001ed33704000: 0000 0000 | 0000 0000 | 0000 0000 | 0000 0000 | 0000 0000 | 0000 0000 | 0000 0000 | 0000 0000 
  0x000001ed33704020: 0000 0000 | 0000 0000 | 0000 0000 | 0000 0000 | 0000 0000 | 0000 0000 | 0000 0000 | 0000 0000 
  0x000001ed33704040: 0000 0000 | 0000 0000 | 0000 0000 | 0000 0000 | 0000 0000 | 0000 0000 | 0000 0000 | 0000 0000 
  0x000001ed33704060: 0000 0000 | 0000 0000 | 0000 0000 | 0000 0000 | 0000 0000 | 0000 0000 | 0000 0000 | 0000 0000 
  0x000001ed33704080: 0000 0000 | 0000 0000 | 0000 0000 | 0000 0000 | 0000 0000 | 0000 0000 | 0000 0000 | 0000 0000 
  0x000001ed337040a0: 0000 0000 | 0000 0000 | 0000 0000 | 0000 0000 | 0000 0000 | 0000 0000 | 0000 0000 | 0000 0000 
  0x000001ed337040c0: 0000 0000 | 0000 0000 | 0000 0000 | 0000 0000 | 0000 0000 | 0000 0000 | 0000 0000 | 0000 0000 
  0x000001ed337040e0: 0000 0000 | 0000 0000 | 0000 0000 | 0000 0000 | 0000 0000 | 0000 0000 | 0000 0000 | 0000 0000 
  0x000001ed33704100: 0000 f244 | 0f10 ac24 | 9000 0000 | f244 0f10 | b424 9800 | 0000 f244 | 0f10 bc24 | a000 0000 
  0x000001ed33704120: 4881 c410 | 0400 004c | 8b3c 244c | 8b74 2408 | 4c8b 6c24 | 104c 8b64 | 2418 4c8b | 5c24 204c 
  0x000001ed33704140: 8b54 2428 | 4c8b 4c24 | 304c 8b44 | 2438 488b | 7c24 4048 | 8b74 2448 | 488b 6c24 | 5048 8b5c 
  0x000001ed33704160: 2460 488b | 5424 6848 | 8b4c 2470 | 488b 4424 | 7848 81c4 | 8000 0000 | c9e9 970a | f5ff f20f 
  0x000001ed33704180: 1044 2428 | f20f 104c | 2430 f20f | 1054 2438 | f20f 105c | 2440 f20f | 1064 2448 | f20f 106c 
  0x000001ed337041a0: 2450 f20f | 1074 2458 | f20f 107c | 2460 f244 | 0f10 4424 | 68f2 440f | 104c 2470 | f244 0f10 
  0x000001ed337041c0: 5424 78f2 | 440f 109c | 2480 0000 | 00f2 440f | 10a4 2488 | 0000 00f2 | 440f 10ac | 2490 0000 
  0x000001ed337041e0: 00f2 440f | 10b4 2498 | 0000 00f2 | 440f 10bc | 24a0 0000 | 0048 81c4 | 1004 0000 | 4c8b 3c24 
  0x000001ed33704200: 4c8b 7424 | 084c 8b6c | 2410 4c8b | 6424 184c | 8b5c 2420 | 4c8b 5424 | 284c 8b4c | 2430 4c8b 
  0x000001ed33704220: 4424 3848 | 8b7c 2440 | 488b 7424 | 4848 8b6c | 2450 488b | 5c24 6048 | 8b54 2468 | 488b 4c24 
  0x000001ed33704240: 7048 8b44 | 2478 4881 | c480 0000 | 00c9 c3c9 | c30f 1f80 | 0000 0000 
[/MachCode]
--------------------------------------------------------------------------------


---------------  P R O C E S S  ---------------

Threads class SMR info:
_java_thread_list=0x000001ed02ac63e0, length=29, elements={
0x000001ed3aa0d9b0, 0x000001ed3aa0fee0, 0x000001ed3aa119a0, 0x000001ed3aa15d10,
0x000001ed3aa18770, 0x000001ed3aa19440, 0x000001ed3aa1dea0, 0x000001ed3ac768b0,
0x000001ed3ac7d500, 0x000001ed00dd3c80, 0x000001ed00dd42e0, 0x000001ed010d4020,
0x000001ed00d5f6a0, 0x000001ed0033e590, 0x000001ed020740d0, 0x000001ed02072000,
0x000001ed02071970, 0x000001ed02072d20, 0x000001ed02070c50, 0x000001ed02072690,
0x000001ed020733b0, 0x000001ed02073a40, 0x000001ed020712e0, 0x000001ed0294c410,
0x000001ed0294b060, 0x000001ed0294b6f0, 0x000001ed0294bd80, 0x000001ed0294d130,
0x000001ed0294e4e0
}

Java Threads: ( => current thread )
  0x000001ed3aa0d9b0 JavaThread "Reference Handler"          daemon [_thread_blocked, id=9916, stack(0x0000005bbfa00000,0x0000005bbfb00000) (1024K)]
  0x000001ed3aa0fee0 JavaThread "Finalizer"                  daemon [_thread_blocked, id=4912, stack(0x0000005bbfb00000,0x0000005bbfc00000) (1024K)]
  0x000001ed3aa119a0 JavaThread "Signal Dispatcher"          daemon [_thread_blocked, id=9536, stack(0x0000005bbfc00000,0x0000005bbfd00000) (1024K)]
  0x000001ed3aa15d10 JavaThread "Attach Listener"            daemon [_thread_blocked, id=4040, stack(0x0000005bbfd00000,0x0000005bbfe00000) (1024K)]
  0x000001ed3aa18770 JavaThread "Service Thread"             daemon [_thread_blocked, id=6632, stack(0x0000005bbfe00000,0x0000005bbff00000) (1024K)]
  0x000001ed3aa19440 JavaThread "Monitor Deflation Thread"   daemon [_thread_blocked, id=2548, stack(0x0000005bbff00000,0x0000005bc0000000) (1024K)]
  0x000001ed3aa1dea0 JavaThread "C1 CompilerThread0"         daemon [_thread_blocked, id=7384, stack(0x0000005bc0000000,0x0000005bc0100000) (1024K)]
  0x000001ed3ac768b0 JavaThread "Notification Thread"        daemon [_thread_blocked, id=8464, stack(0x0000005bc0200000,0x0000005bc0300000) (1024K)]
  0x000001ed3ac7d500 JavaThread "Common-Cleaner"             daemon [_thread_blocked, id=8244, stack(0x0000005bc0300000,0x0000005bc0400000) (1024K)]
  0x000001ed00dd3c80 JavaThread "Catalina-utility-1"                [_thread_blocked, id=8336, stack(0x0000005bc0500000,0x0000005bc0600000) (1024K)]
  0x000001ed00dd42e0 JavaThread "Catalina-utility-2"                [_thread_blocked, id=7644, stack(0x0000005bc0600000,0x0000005bc0700000) (1024K)]
  0x000001ed010d4020 JavaThread "container-0"                       [_thread_blocked, id=7424, stack(0x0000005bc0700000,0x0000005bc0800000) (1024K)]
  0x000001ed00d5f6a0 JavaThread "Cleaner-0"                  daemon [_thread_blocked, id=8108, stack(0x0000005bc0900000,0x0000005bc0a00000) (1024K)]
  0x000001ed0033e590 JavaThread "HikariPool-1:housekeeper"   daemon [_thread_blocked, id=3120, stack(0x0000005bc0a00000,0x0000005bc0b00000) (1024K)]
  0x000001ed020740d0 JavaThread "http-nio-8080-exec-1"       daemon [_thread_blocked, id=9788, stack(0x0000005bc0100000,0x0000005bc0200000) (1024K)]
  0x000001ed02072000 JavaThread "http-nio-8080-exec-2"       daemon [_thread_blocked, id=5432, stack(0x0000005bc0b00000,0x0000005bc0c00000) (1024K)]
  0x000001ed02071970 JavaThread "http-nio-8080-exec-3"       daemon [_thread_blocked, id=9396, stack(0x0000005bc0c00000,0x0000005bc0d00000) (1024K)]
  0x000001ed02072d20 JavaThread "http-nio-8080-exec-4"       daemon [_thread_blocked, id=728, stack(0x0000005bc0d00000,0x0000005bc0e00000) (1024K)]
  0x000001ed02070c50 JavaThread "http-nio-8080-exec-5"       daemon [_thread_blocked, id=3712, stack(0x0000005bc0e00000,0x0000005bc0f00000) (1024K)]
  0x000001ed02072690 JavaThread "http-nio-8080-exec-6"       daemon [_thread_blocked, id=4724, stack(0x0000005bc0f00000,0x0000005bc1000000) (1024K)]
  0x000001ed020733b0 JavaThread "http-nio-8080-exec-7"       daemon [_thread_blocked, id=2888, stack(0x0000005bc1000000,0x0000005bc1100000) (1024K)]
  0x000001ed02073a40 JavaThread "http-nio-8080-exec-8"       daemon [_thread_blocked, id=4716, stack(0x0000005bc1100000,0x0000005bc1200000) (1024K)]
  0x000001ed020712e0 JavaThread "http-nio-8080-exec-9"       daemon [_thread_blocked, id=9560, stack(0x0000005bc1200000,0x0000005bc1300000) (1024K)]
  0x000001ed0294c410 JavaThread "http-nio-8080-exec-10"      daemon [_thread_blocked, id=9456, stack(0x0000005bc1300000,0x0000005bc1400000) (1024K)]
  0x000001ed0294b060 JavaThread "http-nio-8080-Poller"       daemon [_thread_blocked, id=8584, stack(0x0000005bc1400000,0x0000005bc1500000) (1024K)]
  0x000001ed0294b6f0 JavaThread "DestroyJavaVM"                     [_thread_blocked, id=10132, stack(0x0000005bbf200000,0x0000005bbf300000) (1024K)]
  0x000001ed0294bd80 JavaThread "SIGINT handler"             daemon [_thread_blocked, id=9864, stack(0x0000005bbf000000,0x0000005bbf100000) (1024K)]
  0x000001ed0294d130 JavaThread "SIGINT handler"             daemon [_thread_blocked, id=9748, stack(0x0000005bbf100000,0x0000005bbf200000) (1024K)]
=>0x000001ed0294e4e0 JavaThread "SpringApplicationShutdownHook"        [_thread_in_Java, id=6396, stack(0x0000005bc1700000,0x0000005bc1800000) (1024K)]
Total: 29

Other Threads:
  0x000001ed3a9fc4b0 VMThread "VM Thread"                           [id=7752, stack(0x0000005bbf900000,0x0000005bbfa00000) (1024K)] _threads_hazard_ptr=0x000001ed02ac63e0
  0x000001ed3a9e9c00 WatcherThread "VM Periodic Task Thread"        [id=9848, stack(0x0000005bbf800000,0x0000005bbf900000) (1024K)]
  0x000001ed299cc5c0 WorkerThread "GC Thread#0"                     [id=1996, stack(0x0000005bbf300000,0x0000005bbf400000) (1024K)]
  0x000001ed3affe900 WorkerThread "GC Thread#1"                     [id=1084, stack(0x0000005bc0400000,0x0000005bc0500000) (1024K)]
  0x000001ed299d93e0 ConcurrentGCThread "G1 Main Marker"            [id=7084, stack(0x0000005bbf400000,0x0000005bbf500000) (1024K)]
  0x000001ed299da8a0 WorkerThread "G1 Conc#0"                       [id=2504, stack(0x0000005bbf500000,0x0000005bbf600000) (1024K)]
  0x000001ed29a45bd0 ConcurrentGCThread "G1 Refine#0"               [id=3956, stack(0x0000005bbf600000,0x0000005bbf700000) (1024K)]
  0x000001ed29a46740 ConcurrentGCThread "G1 Service"                [id=8320, stack(0x0000005bbf700000,0x0000005bbf800000) (1024K)]
Total: 8

Threads with active compile tasks:
Total: 0

VM state: synchronizing (normal execution)

VM Mutex/Monitor currently owned by a thread:  ([mutex/lock_event])
[0x00007ffadd58de50] Threads_lock - owner thread: 0x000001ed3a9fc4b0

Heap address: 0x00000000a0e00000, size: 1522 MB, Compressed Oops mode: 32-bit

CDS archive(s) mapped at: [0x000001ed3b000000-0x000001ed3bc90000-0x000001ed3bc90000), size 13172736, SharedBaseAddress: 0x000001ed3b000000, ArchiveRelocationMode: 1.
Compressed class space mapped at: 0x000001ed3c000000-0x000001ed7c000000, reserved size: 1073741824
Narrow klass base: 0x000001ed3b000000, Narrow klass shift: 0, Narrow klass range: 0x100000000

GC Precious Log:
 CardTable entry size: 512
 Card Set container configuration: InlinePtr #cards 5 size 8 Array Of Cards #cards 12 size 40 Howl #buckets 4 coarsen threshold 1843 Howl Bitmap #cards 512 size 80 coarsen threshold 460 Card regions per heap region 1 cards per card region 2048
 CPUs: 2 total, 2 available
 Memory: 6087M
 Large Page Support: Disabled
 NUMA Support: Disabled
 Compressed Oops: Enabled (32-bit)
 Heap Region Size: 1M
 Heap Min Capacity: 8M
 Heap Initial Capacity: 96M
 Heap Max Capacity: 1522M
 Pre-touch: Disabled
 Parallel Workers: 2
 Concurrent Workers: 1
 Concurrent Refinement Workers: 2
 Periodic GC: Disabled

Heap:
 garbage-first heap   total 58368K, used 41574K [0x00000000a0e00000, 0x0000000100000000)
  region size 1024K, 14 young (14336K), 1 survivors (1024K)
 Metaspace       used 71089K, committed 71808K, reserved 1114112K
  class space    used 10263K, committed 10624K, reserved 1048576K

Heap Regions: E=young(eden), S=young(survivor), O=old, HS=humongous(starts), HC=humongous(continues), CS=collection set, F=free, TAMS=top-at-mark-start, PB=parsable bottom
|   0|0x00000000a0e00000, 0x00000000a0f00000, 0x00000000a0f00000|100%|HS|  |TAMS 0x00000000a0e00000| PB 0x00000000a0e00000| Complete 
|   1|0x00000000a0f00000, 0x00000000a1000000, 0x00000000a1000000|100%| O|  |TAMS 0x00000000a0f00000| PB 0x00000000a0f00000| Untracked 
|   2|0x00000000a1000000, 0x00000000a1100000, 0x00000000a1100000|100%| O|  |TAMS 0x00000000a1000000| PB 0x00000000a1000000| Untracked 
|   3|0x00000000a1100000, 0x00000000a1200000, 0x00000000a1200000|100%| O|  |TAMS 0x00000000a1100000| PB 0x00000000a1100000| Untracked 
|   4|0x00000000a1200000, 0x00000000a1300000, 0x00000000a1300000|100%| O|  |TAMS 0x00000000a1200000| PB 0x00000000a1200000| Untracked 
|   5|0x00000000a1300000, 0x00000000a1400000, 0x00000000a1400000|100%| O|  |TAMS 0x00000000a1300000| PB 0x00000000a1300000| Untracked 
|   6|0x00000000a1400000, 0x00000000a1500000, 0x00000000a1500000|100%| O|  |TAMS 0x00000000a1400000| PB 0x00000000a1400000| Untracked 
|   7|0x00000000a1500000, 0x00000000a1600000, 0x00000000a1600000|100%| O|  |TAMS 0x00000000a1500000| PB 0x00000000a1500000| Untracked 
|   8|0x00000000a1600000, 0x00000000a1700000, 0x00000000a1700000|100%| O|  |TAMS 0x00000000a1600000| PB 0x00000000a1600000| Untracked 
|   9|0x00000000a1700000, 0x00000000a1800000, 0x00000000a1800000|100%| O|  |TAMS 0x00000000a1700000| PB 0x00000000a1700000| Untracked 
|  10|0x00000000a1800000, 0x00000000a1900000, 0x00000000a1900000|100%| O|  |TAMS 0x00000000a1800000| PB 0x00000000a1800000| Untracked 
|  11|0x00000000a1900000, 0x00000000a1a00000, 0x00000000a1a00000|100%| O|  |TAMS 0x00000000a1900000| PB 0x00000000a1900000| Untracked 
|  12|0x00000000a1a00000, 0x00000000a1b00000, 0x00000000a1b00000|100%| O|  |TAMS 0x00000000a1a00000| PB 0x00000000a1a00000| Untracked 
|  13|0x00000000a1b00000, 0x00000000a1c00000, 0x00000000a1c00000|100%| O|  |TAMS 0x00000000a1b00000| PB 0x00000000a1b00000| Untracked 
|  14|0x00000000a1c00000, 0x00000000a1d00000, 0x00000000a1d00000|100%| O|  |TAMS 0x00000000a1c00000| PB 0x00000000a1c00000| Untracked 
|  15|0x00000000a1d00000, 0x00000000a1e00000, 0x00000000a1e00000|100%| O|  |TAMS 0x00000000a1d00000| PB 0x00000000a1d00000| Untracked 
|  16|0x00000000a1e00000, 0x00000000a1ea5820, 0x00000000a1f00000| 64%| O|  |TAMS 0x00000000a1e00000| PB 0x00000000a1e00000| Untracked 
|  17|0x00000000a1f00000, 0x00000000a1f00000, 0x00000000a2000000|  0%| F|  |TAMS 0x00000000a1f00000| PB 0x00000000a1f00000| Untracked 
|  18|0x00000000a2000000, 0x00000000a2000000, 0x00000000a2100000|  0%| F|  |TAMS 0x00000000a2000000| PB 0x00000000a2000000| Untracked 
|  19|0x00000000a2100000, 0x00000000a2200000, 0x00000000a2200000|100%| O|  |TAMS 0x00000000a2100000| PB 0x00000000a2100000| Untracked 
|  20|0x00000000a2200000, 0x00000000a2200000, 0x00000000a2300000|  0%| F|  |TAMS 0x00000000a2200000| PB 0x00000000a2200000| Untracked 
|  21|0x00000000a2300000, 0x00000000a2300000, 0x00000000a2400000|  0%| F|  |TAMS 0x00000000a2300000| PB 0x00000000a2300000| Untracked 
|  22|0x00000000a2400000, 0x00000000a2500000, 0x00000000a2500000|100%| O|  |TAMS 0x00000000a2400000| PB 0x00000000a2400000| Untracked 
|  23|0x00000000a2500000, 0x00000000a25f41f0, 0x00000000a2600000| 95%| S|CS|TAMS 0x00000000a2500000| PB 0x00000000a2500000| Complete 
|  24|0x00000000a2600000, 0x00000000a2700000, 0x00000000a2700000|100%| O|  |TAMS 0x00000000a2600000| PB 0x00000000a2600000| Untracked 
|  25|0x00000000a2700000, 0x00000000a2700000, 0x00000000a2800000|  0%| F|  |TAMS 0x00000000a2700000| PB 0x00000000a2700000| Untracked 
|  26|0x00000000a2800000, 0x00000000a2900000, 0x00000000a2900000|100%| O|  |TAMS 0x00000000a2800000| PB 0x00000000a2800000| Untracked 
|  27|0x00000000a2900000, 0x00000000a2a00000, 0x00000000a2a00000|100%| O|  |TAMS 0x00000000a2900000| PB 0x00000000a2900000| Untracked 
|  28|0x00000000a2a00000, 0x00000000a2b00000, 0x00000000a2b00000|100%| O|  |TAMS 0x00000000a2a00000| PB 0x00000000a2a00000| Untracked 
|  29|0x00000000a2b00000, 0x00000000a2c00000, 0x00000000a2c00000|100%| O|  |TAMS 0x00000000a2b00000| PB 0x00000000a2b00000| Untracked 
|  30|0x00000000a2c00000, 0x00000000a2d00000, 0x00000000a2d00000|100%| O|  |TAMS 0x00000000a2c00000| PB 0x00000000a2c00000| Untracked 
|  31|0x00000000a2d00000, 0x00000000a2e00000, 0x00000000a2e00000|100%| O|  |TAMS 0x00000000a2d00000| PB 0x00000000a2d00000| Untracked 
|  32|0x00000000a2e00000, 0x00000000a2f00000, 0x00000000a2f00000|100%| O|  |TAMS 0x00000000a2e00000| PB 0x00000000a2e00000| Untracked 
|  33|0x00000000a2f00000, 0x00000000a2f00000, 0x00000000a3000000|  0%| F|  |TAMS 0x00000000a2f00000| PB 0x00000000a2f00000| Untracked 
|  34|0x00000000a3000000, 0x00000000a3000000, 0x00000000a3100000|  0%| F|  |TAMS 0x00000000a3000000| PB 0x00000000a3000000| Untracked 
|  35|0x00000000a3100000, 0x00000000a3100000, 0x00000000a3200000|  0%| F|  |TAMS 0x00000000a3100000| PB 0x00000000a3100000| Untracked 
|  36|0x00000000a3200000, 0x00000000a3300000, 0x00000000a3300000|100%| O|  |TAMS 0x00000000a3200000| PB 0x00000000a3200000| Untracked 
|  37|0x00000000a3300000, 0x00000000a3300000, 0x00000000a3400000|  0%| F|  |TAMS 0x00000000a3300000| PB 0x00000000a3300000| Untracked 
|  38|0x00000000a3400000, 0x00000000a3400000, 0x00000000a3500000|  0%| F|  |TAMS 0x00000000a3400000| PB 0x00000000a3400000| Untracked 
|  39|0x00000000a3500000, 0x00000000a3500000, 0x00000000a3600000|  0%| F|  |TAMS 0x00000000a3500000| PB 0x00000000a3500000| Untracked 
|  40|0x00000000a3600000, 0x00000000a3600000, 0x00000000a3700000|  0%| F|  |TAMS 0x00000000a3600000| PB 0x00000000a3600000| Untracked 
|  41|0x00000000a3700000, 0x00000000a3700000, 0x00000000a3800000|  0%| F|  |TAMS 0x00000000a3700000| PB 0x00000000a3700000| Untracked 
|  42|0x00000000a3800000, 0x00000000a3800000, 0x00000000a3900000|  0%| F|  |TAMS 0x00000000a3800000| PB 0x00000000a3800000| Untracked 
|  43|0x00000000a3900000, 0x00000000a3900000, 0x00000000a3a00000|  0%| F|  |TAMS 0x00000000a3900000| PB 0x00000000a3900000| Untracked 
|  44|0x00000000a3a00000, 0x00000000a3a591a8, 0x00000000a3b00000| 34%| E|  |TAMS 0x00000000a3a00000| PB 0x00000000a3a00000| Complete 
|  45|0x00000000a3b00000, 0x00000000a3c00000, 0x00000000a3c00000|100%| E|CS|TAMS 0x00000000a3b00000| PB 0x00000000a3b00000| Complete 
|  46|0x00000000a3c00000, 0x00000000a3d00000, 0x00000000a3d00000|100%| E|CS|TAMS 0x00000000a3c00000| PB 0x00000000a3c00000| Complete 
|  47|0x00000000a3d00000, 0x00000000a3e00000, 0x00000000a3e00000|100%| E|CS|TAMS 0x00000000a3d00000| PB 0x00000000a3d00000| Complete 
|  48|0x00000000a3e00000, 0x00000000a3f00000, 0x00000000a3f00000|100%| E|CS|TAMS 0x00000000a3e00000| PB 0x00000000a3e00000| Complete 
|  49|0x00000000a3f00000, 0x00000000a4000000, 0x00000000a4000000|100%| E|CS|TAMS 0x00000000a3f00000| PB 0x00000000a3f00000| Complete 
|  50|0x00000000a4000000, 0x00000000a4100000, 0x00000000a4100000|100%| E|CS|TAMS 0x00000000a4000000| PB 0x00000000a4000000| Complete 
|  51|0x00000000a4100000, 0x00000000a4200000, 0x00000000a4200000|100%| E|CS|TAMS 0x00000000a4100000| PB 0x00000000a4100000| Complete 
|  52|0x00000000a4200000, 0x00000000a4300000, 0x00000000a4300000|100%| E|CS|TAMS 0x00000000a4200000| PB 0x00000000a4200000| Complete 
|  53|0x00000000a4300000, 0x00000000a4400000, 0x00000000a4400000|100%| E|CS|TAMS 0x00000000a4300000| PB 0x00000000a4300000| Complete 
|  54|0x00000000a4400000, 0x00000000a4500000, 0x00000000a4500000|100%| E|CS|TAMS 0x00000000a4400000| PB 0x00000000a4400000| Complete 
|  55|0x00000000a4500000, 0x00000000a4600000, 0x00000000a4600000|100%| E|CS|TAMS 0x00000000a4500000| PB 0x00000000a4500000| Complete 
|  56|0x00000000a4600000, 0x00000000a4700000, 0x00000000a4700000|100%| E|CS|TAMS 0x00000000a4600000| PB 0x00000000a4600000| Complete 

Card table byte_map: [0x000001ed36b80000,0x000001ed36e80000] _byte_map_base: 0x000001ed36679000

Marking Bits: (CMBitMap*) 0x000001ed299cccc0
 Bits: [0x000001ed36e80000, 0x000001ed38648000)

Polling page: 0x000001ed29a50000

Metaspace:

Usage:
  Non-class:     59.40 MB used.
      Class:     10.02 MB used.
       Both:     69.42 MB used.

Virtual space:
  Non-class space:       64.00 MB reserved,      59.75 MB ( 93%) committed,  1 nodes.
      Class space:        1.00 GB reserved,      10.38 MB (  1%) committed,  1 nodes.
             Both:        1.06 GB reserved,      70.12 MB (  6%) committed. 

Chunk freelists:
   Non-Class:  3.98 MB
       Class:  5.60 MB
        Both:  9.58 MB

MaxMetaspaceSize: unlimited
CompressedClassSpaceSize: 1.00 GB
Initial GC threshold: 21.00 MB
Current GC threshold: 116.38 MB
CDS: on
 - commit_granule_bytes: 65536.
 - commit_granule_words: 8192.
 - virtual_space_node_default_size: 8388608.
 - enlarge_chunks_in_place: 1.
 - use_allocation_guard: 0.


Internal statistics:

num_allocs_failed_limit: 9.
num_arena_births: 1178.
num_arena_deaths: 350.
num_vsnodes_births: 2.
num_vsnodes_deaths: 0.
num_space_committed: 1122.
num_space_uncommitted: 0.
num_chunks_returned_to_freelist: 397.
num_chunks_taken_from_freelist: 3929.
num_chunk_merges: 98.
num_chunk_splits: 2759.
num_chunks_enlarged: 2175.
num_inconsistent_stats: 0.

CodeCache: size=49152Kb used=11004Kb max_used=11336Kb free=38147Kb
 bounds [0x000001ed33600000, 0x000001ed34120000, 0x000001ed36600000]
 total_blobs=6887 nmethods=6170 adapters=642
 compilation: enabled
              stopped_count=0, restarted_count=0
 full_count=0

Compilation events (20 events):
Event: 28951.948 Thread 0x000001ed3aa1dea0 6240       1       java.text.NumberFormat::setMaximumFractionDigits (29 bytes)
Event: 28951.949 Thread 0x000001ed3aa1dea0 nmethod 6240 0x000001ed340e3810 code [0x000001ed340e39a0, 0x000001ed340e3a88]
Event: 28951.949 Thread 0x000001ed3aa1dea0 6241       1       java.util.GregorianCalendar::getWeekNumber (89 bytes)
Event: 28951.949 Thread 0x000001ed3aa1dea0 nmethod 6241 0x000001ed340e3110 code [0x000001ed340e32c0, 0x000001ed340e3648]
Event: 28951.949 Thread 0x000001ed3aa1dea0 6242       1       sun.util.calendar.AbstractCalendar::getDayOfWeekDateOnOrBefore (31 bytes)
Event: 28951.949 Thread 0x000001ed3aa1dea0 nmethod 6242 0x000001ed340e2c10 code [0x000001ed340e2dc0, 0x000001ed340e3000]
Event: 29121.901 Thread 0x000001ed3aa1dea0 6243       1       java.text.DecimalFormat::subparseNumber (540 bytes)
Event: 29121.904 Thread 0x000001ed3aa1dea0 nmethod 6243 0x000001ed340e1290 code [0x000001ed340e1500, 0x000001ed340e22f0]
Event: 29121.904 Thread 0x000001ed3aa1dea0 6244       1       java.text.DigitList::fitsIntoLong (162 bytes)
Event: 29121.905 Thread 0x000001ed3aa1dea0 nmethod 6244 0x000001ed340e0c10 code [0x000001ed340e0de0, 0x000001ed340e1100]
Event: 29121.905 Thread 0x000001ed3aa1dea0 6245       1       java.text.DigitList::getLong (73 bytes)
Event: 29121.905 Thread 0x000001ed3aa1dea0 nmethod 6245 0x000001ed340e0510 code [0x000001ed340e0720, 0x000001ed340e0a30]
Event: 29303.375 Thread 0x000001ed3aa1dea0 6249       1       org.apache.tomcat.util.net.AbstractEndpoint::isPaused (5 bytes)
Event: 29303.376 Thread 0x000001ed3aa1dea0 nmethod 6249 0x000001ed340df910 code [0x000001ed340dfaa0, 0x000001ed340dfb70]
Event: 29303.376 Thread 0x000001ed3aa1dea0 6250       1       java.time.format.DateTimePrintContext::getValue (36 bytes)
Event: 29303.377 Thread 0x000001ed3aa1dea0 nmethod 6250 0x000001ed340df510 code [0x000001ed340df6e0, 0x000001ed340df880]
Event: 29303.377 Thread 0x000001ed3aa1dea0 6252       1       ch.qos.logback.core.pattern.CompositeConverter::convert (43 bytes)
Event: 29303.377 Thread 0x000001ed3aa1dea0 nmethod 6252 0x000001ed340def10 code [0x000001ed340df0e0, 0x000001ed340df390]
Event: 29303.377 Thread 0x000001ed3aa1dea0 6251       1       java.time.ZonedDateTime::getLong (83 bytes)
Event: 29303.378 Thread 0x000001ed3aa1dea0 nmethod 6251 0x000001ed340de910 code [0x000001ed340deb00, 0x000001ed340deda8]

GC Heap History (20 events):
Event: 18.273 GC heap before
{Heap before GC invocations=10 (full 0):
 garbage-first heap   total 58368K, used 48190K [0x00000000a0e00000, 0x0000000100000000)
  region size 1024K, 29 young (29696K), 2 survivors (2048K)
 Metaspace       used 42161K, committed 42816K, reserved 1114112K
  class space    used 6114K, committed 6400K, reserved 1048576K
}
Event: 18.284 GC heap after
{Heap after GC invocations=11 (full 0):
 garbage-first heap   total 58368K, used 22542K [0x00000000a0e00000, 0x0000000100000000)
  region size 1024K, 4 young (4096K), 4 survivors (4096K)
 Metaspace       used 42161K, committed 42816K, reserved 1114112K
  class space    used 6114K, committed 6400K, reserved 1048576K
}
Event: 21.880 GC heap before
{Heap before GC invocations=11 (full 0):
 garbage-first heap   total 58368K, used 48142K [0x00000000a0e00000, 0x0000000100000000)
  region size 1024K, 30 young (30720K), 4 survivors (4096K)
 Metaspace       used 48600K, committed 49216K, reserved 1114112K
  class space    used 6894K, committed 7168K, reserved 1048576K
}
Event: 21.895 GC heap after
{Heap after GC invocations=12 (full 0):
 garbage-first heap   total 58368K, used 24023K [0x00000000a0e00000, 0x0000000100000000)
  region size 1024K, 4 young (4096K), 4 survivors (4096K)
 Metaspace       used 48600K, committed 49216K, reserved 1114112K
  class space    used 6894K, committed 7168K, reserved 1048576K
}
Event: 23.865 GC heap before
{Heap before GC invocations=12 (full 0):
 garbage-first heap   total 58368K, used 48599K [0x00000000a0e00000, 0x0000000100000000)
  region size 1024K, 29 young (29696K), 4 survivors (4096K)
 Metaspace       used 55977K, committed 56704K, reserved 1114112K
  class space    used 8058K, committed 8384K, reserved 1048576K
}
Event: 23.877 GC heap after
{Heap after GC invocations=13 (full 0):
 garbage-first heap   total 58368K, used 24926K [0x00000000a0e00000, 0x0000000100000000)
  region size 1024K, 3 young (3072K), 3 survivors (3072K)
 Metaspace       used 55977K, committed 56704K, reserved 1114112K
  class space    used 8058K, committed 8384K, reserved 1048576K
}
Event: 24.650 GC heap before
{Heap before GC invocations=13 (full 0):
 garbage-first heap   total 58368K, used 36190K [0x00000000a0e00000, 0x0000000100000000)
  region size 1024K, 15 young (15360K), 3 survivors (3072K)
 Metaspace       used 59414K, committed 60096K, reserved 1114112K
  class space    used 8578K, committed 8896K, reserved 1048576K
}
Event: 24.659 GC heap after
{Heap after GC invocations=14 (full 0):
 garbage-first heap   total 58368K, used 25615K [0x00000000a0e00000, 0x0000000100000000)
  region size 1024K, 2 young (2048K), 2 survivors (2048K)
 Metaspace       used 59414K, committed 60096K, reserved 1114112K
  class space    used 8578K, committed 8896K, reserved 1048576K
}
Event: 27.864 GC heap before
{Heap before GC invocations=15 (full 0):
 garbage-first heap   total 58368K, used 50191K [0x00000000a0e00000, 0x0000000100000000)
  region size 1024K, 27 young (27648K), 2 survivors (2048K)
 Metaspace       used 62730K, committed 63488K, reserved 1114112K
  class space    used 9128K, committed 9472K, reserved 1048576K
}
Event: 27.876 GC heap after
{Heap after GC invocations=16 (full 0):
 garbage-first heap   total 58368K, used 28133K [0x00000000a0e00000, 0x0000000100000000)
  region size 1024K, 4 young (4096K), 4 survivors (4096K)
 Metaspace       used 62730K, committed 63488K, reserved 1114112K
  class space    used 9128K, committed 9472K, reserved 1048576K
}
Event: 29.274 GC heap before
{Heap before GC invocations=16 (full 0):
 garbage-first heap   total 58368K, used 49637K [0x00000000a0e00000, 0x0000000100000000)
  region size 1024K, 25 young (25600K), 4 survivors (4096K)
 Metaspace       used 65433K, committed 66176K, reserved 1114112K
  class space    used 9538K, committed 9856K, reserved 1048576K
}
Event: 29.293 GC heap after
{Heap after GC invocations=17 (full 0):
 garbage-first heap   total 58368K, used 30181K [0x00000000a0e00000, 0x0000000100000000)
  region size 1024K, 3 young (3072K), 3 survivors (3072K)
 Metaspace       used 65433K, committed 66176K, reserved 1114112K
  class space    used 9538K, committed 9856K, reserved 1048576K
}
Event: 195.308 GC heap before
{Heap before GC invocations=17 (full 0):
 garbage-first heap   total 58368K, used 49637K [0x00000000a0e00000, 0x0000000100000000)
  region size 1024K, 22 young (22528K), 3 survivors (3072K)
 Metaspace       used 70694K, committed 71488K, reserved 1114112K
  class space    used 10208K, committed 10560K, reserved 1048576K
}
Event: 195.320 GC heap after
{Heap after GC invocations=18 (full 0):
 garbage-first heap   total 58368K, used 31508K [0x00000000a0e00000, 0x0000000100000000)
  region size 1024K, 2 young (2048K), 2 survivors (2048K)
 Metaspace       used 70694K, committed 71488K, reserved 1114112K
  class space    used 10208K, committed 10560K, reserved 1048576K
}
Event: 9790.532 GC heap before
{Heap before GC invocations=19 (full 0):
 garbage-first heap   total 58368K, used 50964K [0x00000000a0e00000, 0x0000000100000000)
  region size 1024K, 21 young (21504K), 2 survivors (2048K)
 Metaspace       used 71051K, committed 71808K, reserved 1114112K
  class space    used 10253K, committed 10624K, reserved 1048576K
}
Event: 9790.594 GC heap after
{Heap after GC invocations=20 (full 0):
 garbage-first heap   total 58368K, used 32227K [0x00000000a0e00000, 0x0000000100000000)
  region size 1024K, 3 young (3072K), 3 survivors (3072K)
 Metaspace       used 71051K, committed 71808K, reserved 1114112K
  class space    used 10253K, committed 10624K, reserved 1048576K
}
Event: 16487.446 GC heap before
{Heap before GC invocations=20 (full 0):
 garbage-first heap   total 58368K, used 49635K [0x00000000a0e00000, 0x0000000100000000)
  region size 1024K, 20 young (20480K), 3 survivors (3072K)
 Metaspace       used 71051K, committed 71808K, reserved 1114112K
  class space    used 10253K, committed 10624K, reserved 1048576K
}
Event: 16487.462 GC heap after
{Heap after GC invocations=21 (full 0):
 garbage-first heap   total 58368K, used 29393K [0x00000000a0e00000, 0x0000000100000000)
  region size 1024K, 1 young (1024K), 1 survivors (1024K)
 Metaspace       used 71051K, committed 71808K, reserved 1114112K
  class space    used 10253K, committed 10624K, reserved 1048576K
}
Event: 25170.229 GC heap before
{Heap before GC invocations=21 (full 0):
 garbage-first heap   total 58368K, used 52945K [0x00000000a0e00000, 0x0000000100000000)
  region size 1024K, 24 young (24576K), 1 survivors (1024K)
 Metaspace       used 71055K, committed 71808K, reserved 1114112K
  class space    used 10254K, committed 10624K, reserved 1048576K
}
Event: 25170.241 GC heap after
{Heap after GC invocations=22 (full 0):
 garbage-first heap   total 58368K, used 29286K [0x00000000a0e00000, 0x0000000100000000)
  region size 1024K, 1 young (1024K), 1 survivors (1024K)
 Metaspace       used 71055K, committed 71808K, reserved 1114112K
  class space    used 10254K, committed 10624K, reserved 1048576K
}

Dll operation events (9 events):
Event: 0.084 Loaded shared library C:\Program Files\Java\jdk-21\bin\java.dll
Event: 0.243 Loaded shared library C:\Program Files\Java\jdk-21\bin\net.dll
Event: 0.246 Loaded shared library C:\Program Files\Java\jdk-21\bin\nio.dll
Event: 0.253 Loaded shared library C:\Program Files\Java\jdk-21\bin\zip.dll
Event: 0.675 Loaded shared library C:\Program Files\Java\jdk-21\bin\jimage.dll
Event: 8.564 Loaded shared library C:\Program Files\Java\jdk-21\bin\sunmscapi.dll
Event: 12.670 Loaded shared library C:\Program Files\Java\jdk-21\bin\management.dll
Event: 12.694 Loaded shared library C:\Program Files\Java\jdk-21\bin\management_ext.dll
Event: 17.418 Loaded shared library C:\Program Files\Java\jdk-21\bin\extnet.dll

Deoptimization events (2 events):
Event: 26.734 Thread 0x000001ed29765020 DEOPT PACKING pc=0x000001ed33ab83cc sp=0x0000005bbf2fbbc0
Event: 26.734 Thread 0x000001ed29765020 DEOPT UNPACKING pc=0x000001ed33654e23 sp=0x0000005bbf2fb0f0 mode 0

Classes loaded (20 events):
Event: 7053.989 Loading class java/lang/invoke/WrongMethodTypeException
Event: 7053.989 Loading class java/lang/invoke/WrongMethodTypeException done
Event: 7054.269 Loading class java/util/stream/ReferencePipeline$4
Event: 7054.269 Loading class java/util/stream/ReferencePipeline$4 done
Event: 7054.269 Loading class java/util/function/IntBinaryOperator
Event: 7054.269 Loading class java/util/function/IntBinaryOperator done
Event: 7054.270 Loading class java/util/stream/ReduceOps$7
Event: 7054.270 Loading class java/util/stream/ReduceOps$7 done
Event: 7054.270 Loading class java/util/stream/ReduceOps$6ReducingSink
Event: 7054.270 Loading class java/util/stream/ReduceOps$6ReducingSink done
Event: 7054.270 Loading class java/util/stream/ReferencePipeline$4$1
Event: 7054.270 Loading class java/util/stream/ReferencePipeline$4$1 done
Event: 7054.338 Loading class java/util/AbstractMap$SimpleEntry
Event: 7054.339 Loading class java/util/AbstractMap$SimpleEntry done
Event: 29303.260 Loading class jdk/internal/misc/Signal$1
Event: 29303.336 Loading class jdk/internal/misc/Signal$1 done
Event: 29303.338 Loading class java/util/WeakHashMap$KeyIterator
Event: 29303.360 Loading class java/util/WeakHashMap$KeyIterator done
Event: 29303.368 Loading class java/util/concurrent/locks/AbstractQueuedSynchronizer$SharedNode
Event: 29303.392 Loading class java/util/concurrent/locks/AbstractQueuedSynchronizer$SharedNode done

Classes unloaded (20 events):
Event: 195.402 Thread 0x000001ed3a9fc4b0 Unloading class 0x000001ed3c100c00 'java/lang/invoke/LambdaForm$MH+0x000001ed3c100c00'
Event: 195.402 Thread 0x000001ed3a9fc4b0 Unloading class 0x000001ed3c100400 'java/lang/invoke/LambdaForm$MH+0x000001ed3c100400'
Event: 195.402 Thread 0x000001ed3a9fc4b0 Unloading class 0x000001ed3c0db800 'java/lang/invoke/LambdaForm$MH+0x000001ed3c0db800'
Event: 195.402 Thread 0x000001ed3a9fc4b0 Unloading class 0x000001ed3c0db400 'java/lang/invoke/LambdaForm$MH+0x000001ed3c0db400'
Event: 195.402 Thread 0x000001ed3a9fc4b0 Unloading class 0x000001ed3c0c4c00 'java/lang/invoke/LambdaForm$DMH+0x000001ed3c0c4c00'
Event: 195.402 Thread 0x000001ed3a9fc4b0 Unloading class 0x000001ed3c0c4000 'java/lang/invoke/LambdaForm$DMH+0x000001ed3c0c4000'
Event: 195.402 Thread 0x000001ed3a9fc4b0 Unloading class 0x000001ed3c02f400 'java/lang/invoke/LambdaForm$MH+0x000001ed3c02f400'
Event: 195.402 Thread 0x000001ed3a9fc4b0 Unloading class 0x000001ed3c02ec00 'java/lang/invoke/LambdaForm$MH+0x000001ed3c02ec00'
Event: 195.402 Thread 0x000001ed3a9fc4b0 Unloading class 0x000001ed3c02e400 'java/lang/invoke/LambdaForm$MH+0x000001ed3c02e400'
Event: 195.402 Thread 0x000001ed3a9fc4b0 Unloading class 0x000001ed3c02e000 'java/lang/invoke/LambdaForm$MH+0x000001ed3c02e000'
Event: 195.402 Thread 0x000001ed3a9fc4b0 Unloading class 0x000001ed3c02d000 'java/lang/invoke/LambdaForm$MH+0x000001ed3c02d000'
Event: 195.402 Thread 0x000001ed3a9fc4b0 Unloading class 0x000001ed3c02c400 'java/lang/invoke/LambdaForm$MH+0x000001ed3c02c400'
Event: 195.402 Thread 0x000001ed3a9fc4b0 Unloading class 0x000001ed3c02c000 'java/lang/invoke/LambdaForm$MH+0x000001ed3c02c000'
Event: 195.402 Thread 0x000001ed3a9fc4b0 Unloading class 0x000001ed3c02b800 'java/lang/invoke/LambdaForm$MH+0x000001ed3c02b800'
Event: 195.402 Thread 0x000001ed3a9fc4b0 Unloading class 0x000001ed3c02b400 'java/lang/invoke/LambdaForm$MH+0x000001ed3c02b400'
Event: 195.402 Thread 0x000001ed3a9fc4b0 Unloading class 0x000001ed3c02b000 'java/lang/invoke/LambdaForm$MH+0x000001ed3c02b000'
Event: 195.402 Thread 0x000001ed3a9fc4b0 Unloading class 0x000001ed3c02a400 'java/lang/invoke/LambdaForm$MH+0x000001ed3c02a400'
Event: 195.402 Thread 0x000001ed3a9fc4b0 Unloading class 0x000001ed3c029400 'java/lang/invoke/LambdaForm$MH+0x000001ed3c029400'
Event: 195.402 Thread 0x000001ed3a9fc4b0 Unloading class 0x000001ed3c028800 'java/lang/invoke/LambdaForm$MH+0x000001ed3c028800'
Event: 195.402 Thread 0x000001ed3a9fc4b0 Unloading class 0x000001ed3c028000 'java/lang/invoke/LambdaForm$MH+0x000001ed3c028000'

Classes redefined (0 events):
No events

Internal exceptions (20 events):
Event: 24.267 Thread 0x000001ed29765020 Exception <a 'java/lang/NoSuchMethodError'{0x00000000a40fa3e0}: 'java.lang.Object java.lang.invoke.Invokers$Holder.linkToTargetMethod(java.lang.Object, java.lang.Object, java.lang.Object, java.lang.Object, java.lang.Object, java.lang.Object, java.lang.Object, java.lang.Object, java.lang.Object, java.lang.Object, java.lang.Object, java.lang.Object)'> (0x00000000a40fa3e0) 
thrown [s\open\src\hotspot\share\interpreter\linkResolver.cpp, line 773]
Event: 24.448 Thread 0x000001ed29765020 Exception <a 'java/lang/IncompatibleClassChangeError'{0x00000000a3ea2250}: Found class java.lang.Object, but interface was expected> (0x00000000a3ea2250) 
thrown [s\open\src\hotspot\share\interpreter\linkResolver.cpp, line 840]
Event: 26.442 Thread 0x000001ed29765020 Exception <a 'java/lang/IncompatibleClassChangeError'{0x00000000a40fd010}: Found class java.lang.Object, but interface was expected> (0x00000000a40fd010) 
thrown [s\open\src\hotspot\share\interpreter\linkResolver.cpp, line 840]
Event: 26.506 Thread 0x000001ed29765020 Exception <a 'java/lang/IncompatibleClassChangeError'{0x00000000a3ea6dc8}: Found class java.lang.Object, but interface was expected> (0x00000000a3ea6dc8) 
thrown [s\open\src\hotspot\share\interpreter\linkResolver.cpp, line 840]
Event: 26.995 Thread 0x000001ed29765020 Exception <a 'java/lang/NoSuchMethodError'{0x00000000a365a0f8}: 'void java.lang.invoke.Invokers$Holder.invokeExact_MT(java.lang.Object, java.lang.Object, java.lang.Object, java.lang.Object)'> (0x00000000a365a0f8) 
thrown [s\open\src\hotspot\share\interpreter\linkResolver.cpp, line 773]
Event: 27.446 Thread 0x000001ed29765020 Exception <a 'java/lang/NoSuchMethodError'{0x00000000a32a74d8}: 'java.lang.Object java.lang.invoke.DirectMethodHandle$Holder.invokeVirtual(java.lang.Object, java.lang.Object, java.lang.Object, int)'> (0x00000000a32a74d8) 
thrown [s\open\src\hotspot\share\interpreter\linkResolver.cpp, line 773]
Event: 28.322 Thread 0x000001ed29765020 Exception <a 'java/lang/NoSuchMethodError'{0x00000000a3f337b8}: 'java.lang.Object java.lang.invoke.DirectMethodHandle$Holder.invokeInterface(java.lang.Object, java.lang.Object, java.lang.Object, java.lang.Object)'> (0x00000000a3f337b8) 
thrown [s\open\src\hotspot\share\interpreter\linkResolver.cpp, line 773]
Event: 28.629 Thread 0x000001ed29765020 Exception <a 'java/lang/NoSuchMethodError'{0x00000000a3dd51e8}: 'java.lang.Object java.lang.invoke.DirectMethodHandle$Holder.invokeVirtual(java.lang.Object, java.lang.Object, int)'> (0x00000000a3dd51e8) 
thrown [s\open\src\hotspot\share\interpreter\linkResolver.cpp, line 773]
Event: 28.814 Thread 0x000001ed29765020 Exception <a 'java/lang/IncompatibleClassChangeError'{0x00000000a3aa6bd0}: Found class java.lang.Object, but interface was expected> (0x00000000a3aa6bd0) 
thrown [s\open\src\hotspot\share\interpreter\linkResolver.cpp, line 840]
Event: 29.143 Thread 0x000001ed29765020 Exception <a 'java/lang/IncompatibleClassChangeError'{0x00000000a349ffb8}: Found class java.lang.Object, but interface was expected> (0x00000000a349ffb8) 
thrown [s\open\src\hotspot\share\interpreter\linkResolver.cpp, line 840]
Event: 29.350 Thread 0x000001ed29765020 Exception <a 'java/lang/NoSuchMethodError'{0x00000000a45add68}: 'java.lang.Object java.lang.invoke.DirectMethodHandle$Holder.newInvokeSpecial(java.lang.Object, java.lang.Object, int, java.lang.Object, java.lang.Object)'> (0x00000000a45add68) 
thrown [s\open\src\hotspot\share\interpreter\linkResolver.cpp, line 773]
Event: 193.189 Thread 0x000001ed0294d7c0 Exception <a 'java/lang/NoSuchMethodError'{0x00000000a4240198}: 'java.lang.Object java.lang.invoke.DirectMethodHandle$Holder.invokeStatic(java.lang.Object, java.lang.Object, java.lang.Object, int, int)'> (0x00000000a4240198) 
thrown [s\open\src\hotspot\share\interpreter\linkResolver.cpp, line 773]
Event: 193.190 Thread 0x000001ed0294d7c0 Exception <a 'java/lang/NoSuchMethodError'{0x00000000a4243948}: 'java.lang.Object java.lang.invoke.DirectMethodHandle$Holder.invokeStaticInit(java.lang.Object, java.lang.Object, java.lang.Object, int, int)'> (0x00000000a4243948) 
thrown [s\open\src\hotspot\share\interpreter\linkResolver.cpp, line 773]
Event: 193.373 Thread 0x000001ed02072000 Exception <a 'java/lang/NoSuchMethodError'{0x00000000a4181f50}: 'java.lang.Object java.lang.invoke.DirectMethodHandle$Holder.invokeSpecial(java.lang.Object, java.lang.Object, java.lang.Object, java.lang.Object, java.lang.Object, long)'> (0x00000000a4181f50) 
thrown [s\open\src\hotspot\share\interpreter\linkResolver.cpp, line 773]
Event: 193.373 Thread 0x000001ed02072000 Exception <a 'java/lang/NoSuchMethodError'{0x00000000a4185720}: 'java.lang.Object java.lang.invoke.Invokers$Holder.linkToTargetMethod(java.lang.Object, java.lang.Object, java.lang.Object, long, java.lang.Object)'> (0x00000000a4185720) 
thrown [s\open\src\hotspot\share\interpreter\linkResolver.cpp, line 773]
Event: 194.684 Thread 0x000001ed020740d0 Exception <a 'java/lang/IncompatibleClassChangeError'{0x00000000a3720e40}: Found class java.lang.Object, but interface was expected> (0x00000000a3720e40) 
thrown [s\open\src\hotspot\share\interpreter\linkResolver.cpp, line 840]
Event: 194.803 Thread 0x000001ed020740d0 Exception <a 'java/lang/NoSuchMethodError'{0x00000000a36a2480}: 'int java.lang.invoke.DirectMethodHandle$Holder.invokeStatic(java.lang.Object, java.lang.Object, int, int)'> (0x00000000a36a2480) 
thrown [s\open\src\hotspot\share\interpreter\linkResolver.cpp, line 773]
Event: 29303.363 Thread 0x000001ed0294e4e0 Exception <a 'java/lang/NoSuchMethodError'{0x00000000a3a1c198}: 'java.lang.Object java.lang.invoke.DirectMethodHandle$Holder.newInvokeSpecial(java.lang.Object, java.lang.Object, java.lang.Object, java.lang.Object, int)'> (0x00000000a3a1c198) 
thrown [s\open\src\hotspot\share\interpreter\linkResolver.cpp, line 773]
Event: 29303.363 Thread 0x000001ed0294e4e0 Exception <a 'java/lang/NoSuchMethodError'{0x00000000a3a1fe18}: 'java.lang.Object java.lang.invoke.DirectMethodHandle$Holder.invokeSpecial(java.lang.Object, java.lang.Object, java.lang.Object, java.lang.Object, java.lang.Object, int)'> (0x00000000a3a1fe18) 
thrown [s\open\src\hotspot\share\interpreter\linkResolver.cpp, line 773]
Event: 29303.363 Thread 0x000001ed0294e4e0 Exception <a 'java/lang/NoSuchMethodError'{0x00000000a3a233e8}: 'java.lang.Object java.lang.invoke.Invokers$Holder.linkToTargetMethod(java.lang.Object, java.lang.Object, java.lang.Object, int, java.lang.Object)'> (0x00000000a3a233e8) 
thrown [s\open\src\hotspot\share\interpreter\linkResolver.cpp, line 773]

ZGC Phase Switch (0 events):
No events

VM Operations (20 events):
Event: 25633.596 Executing VM operation: Cleanup
Event: 25633.596 Executing VM operation: Cleanup done
Event: 25739.312 Executing VM operation: Cleanup
Event: 25739.312 Executing VM operation: Cleanup done
Event: 25744.360 Executing VM operation: Cleanup
Event: 25744.360 Executing VM operation: Cleanup done
Event: 25757.442 Executing VM operation: Cleanup
Event: 25757.442 Executing VM operation: Cleanup done
Event: 25773.562 Executing VM operation: Cleanup
Event: 25773.562 Executing VM operation: Cleanup done
Event: 25778.589 Executing VM operation: Cleanup
Event: 25778.589 Executing VM operation: Cleanup done
Event: 26195.899 Executing VM operation: Cleanup
Event: 26195.899 Executing VM operation: Cleanup done
Event: 26200.945 Executing VM operation: Cleanup
Event: 26200.945 Executing VM operation: Cleanup done
Event: 28524.920 Executing VM operation: Cleanup
Event: 28524.920 Executing VM operation: Cleanup done
Event: 28717.754 Executing VM operation: Cleanup
Event: 28717.754 Executing VM operation: Cleanup done

Events (20 events):
Event: 28716.982 Thread 0x000001ed0294de50 Thread added: 0x000001ed0294de50
Event: 28716.984 Thread 0x000001ed0294e4e0 Thread added: 0x000001ed0294e4e0
Event: 28721.990 Thread 0x000001ed0294de50 Thread exited: 0x000001ed0294de50
Event: 28722.114 Thread 0x000001ed0294e4e0 Thread exited: 0x000001ed0294e4e0
Event: 28951.694 Thread 0x000001ed0294d130 Thread added: 0x000001ed0294d130
Event: 28951.695 Thread 0x000001ed0294e4e0 Thread added: 0x000001ed0294e4e0
Event: 28956.708 Thread 0x000001ed0294d130 Thread exited: 0x000001ed0294d130
Event: 28957.001 Thread 0x000001ed0294e4e0 Thread exited: 0x000001ed0294e4e0
Event: 29121.812 Thread 0x000001ed0294de50 Thread added: 0x000001ed0294de50
Event: 29121.813 Thread 0x000001ed0294e4e0 Thread added: 0x000001ed0294e4e0
Event: 29126.820 Thread 0x000001ed0294de50 Thread exited: 0x000001ed0294de50
Event: 29126.943 Thread 0x000001ed0294e4e0 Thread exited: 0x000001ed0294e4e0
Event: 29303.336 Thread 0x000001ed0294bd80 Thread added: 0x000001ed0294bd80
Event: 29303.336 Thread 0x000001ed0294d130 Thread added: 0x000001ed0294d130
Event: 29303.337 Thread 0x000001ed0294de50 Thread added: 0x000001ed0294de50
Event: 29303.337 Thread 0x000001ed0294e4e0 Thread added: 0x000001ed0294e4e0
Event: 29303.338 Thread 0x000001ed0294de50 Thread exited: 0x000001ed0294de50
Event: 29303.368 Thread 0x000001ed0294de50 Thread added: 0x000001ed0294de50
Event: 29303.376 Thread 0x000001ed0294d7c0 Thread exited: 0x000001ed0294d7c0
Event: 29303.377 Thread 0x000001ed0294de50 Thread exited: 0x000001ed0294de50


Dynamic libraries:
0x00007ff78e0c0000 - 0x00007ff78e0d0000 	C:\Program Files\Java\jdk-21\bin\java.exe
0x00007ffb2cb10000 - 0x00007ffb2cd08000 	C:\WINDOWS\SYSTEM32\ntdll.dll
0x00007ffb2c6d0000 - 0x00007ffb2c78d000 	C:\WINDOWS\System32\KERNEL32.DLL
0x00007ffb2a640000 - 0x00007ffb2a936000 	C:\WINDOWS\System32\KERNELBASE.dll
0x00007ffb2a540000 - 0x00007ffb2a640000 	C:\WINDOWS\System32\ucrtbase.dll
0x00007ffb1de30000 - 0x00007ffb1de49000 	C:\Program Files\Java\jdk-21\bin\jli.dll
0x00007ffb2c150000 - 0x00007ffb2c200000 	C:\WINDOWS\System32\ADVAPI32.dll
0x00007ffb2c630000 - 0x00007ffb2c6ce000 	C:\WINDOWS\System32\msvcrt.dll
0x00007ffb2bae0000 - 0x00007ffb2bb80000 	C:\WINDOWS\System32\sechost.dll
0x00007ffb2ac00000 - 0x00007ffb2ad23000 	C:\WINDOWS\System32\RPCRT4.dll
0x00007ffb2ab10000 - 0x00007ffb2ab37000 	C:\WINDOWS\System32\bcrypt.dll
0x00007ffb2c810000 - 0x00007ffb2c9af000 	C:\WINDOWS\System32\USER32.dll
0x00007ffb2a450000 - 0x00007ffb2a472000 	C:\WINDOWS\System32\win32u.dll
0x00007ffb2ad30000 - 0x00007ffb2ad5b000 	C:\WINDOWS\System32\GDI32.dll
0x00007ffb2a940000 - 0x00007ffb2aa57000 	C:\WINDOWS\System32\gdi32full.dll
0x00007ffb2a3b0000 - 0x00007ffb2a44d000 	C:\WINDOWS\System32\msvcp_win.dll
0x00007ffb11970000 - 0x00007ffb1198b000 	C:\Program Files\Java\jdk-21\bin\VCRUNTIME140.dll
0x00007ffb190a0000 - 0x00007ffb1933a000 	C:\WINDOWS\WinSxS\amd64_microsoft.windows.common-controls_6595b64144ccf1df_6.0.19041.3636_none_60b6a03d71f818d5\COMCTL32.dll
0x00007ffb1a090000 - 0x00007ffb1a09a000 	C:\WINDOWS\SYSTEM32\VERSION.dll
0x00007ffb2bbf0000 - 0x00007ffb2bc22000 	C:\WINDOWS\System32\IMM32.DLL
0x00007ffb1ddb0000 - 0x00007ffb1ddbc000 	C:\Program Files\Java\jdk-21\bin\vcruntime140_1.dll
0x00007ffb060a0000 - 0x00007ffb0612e000 	C:\Program Files\Java\jdk-21\bin\msvcp140.dll
0x00007ffadc950000 - 0x00007ffadd66a000 	C:\Program Files\Java\jdk-21\bin\server\jvm.dll
0x00007ffb2c490000 - 0x00007ffb2c4fb000 	C:\WINDOWS\System32\WS2_32.dll
0x00007ffb2a0a0000 - 0x00007ffb2a0eb000 	C:\WINDOWS\SYSTEM32\POWRPROF.dll
0x00007ffb18930000 - 0x00007ffb18957000 	C:\WINDOWS\SYSTEM32\WINMM.dll
0x00007ffb2a080000 - 0x00007ffb2a092000 	C:\WINDOWS\SYSTEM32\UMPDC.dll
0x00007ffb28a30000 - 0x00007ffb28a42000 	C:\WINDOWS\SYSTEM32\kernel.appcore.dll
0x00007ffb16af0000 - 0x00007ffb16afa000 	C:\Program Files\Java\jdk-21\bin\jimage.dll
0x00007ffb287c0000 - 0x00007ffb289a4000 	C:\WINDOWS\SYSTEM32\DBGHELP.DLL
0x00007ffb17c10000 - 0x00007ffb17c44000 	C:\WINDOWS\SYSTEM32\dbgcore.DLL
0x00007ffb2a320000 - 0x00007ffb2a3a2000 	C:\WINDOWS\System32\bcryptPrimitives.dll
0x00007ffb0bbe0000 - 0x00007ffb0bbff000 	C:\Program Files\Java\jdk-21\bin\java.dll
0x00007ffb2afb0000 - 0x00007ffb2b71b000 	C:\WINDOWS\System32\SHELL32.dll
0x00007ffb28020000 - 0x00007ffb287be000 	C:\WINDOWS\SYSTEM32\windows.storage.dll
0x00007ffb2b720000 - 0x00007ffb2ba73000 	C:\WINDOWS\System32\combase.dll
0x00007ffb29b20000 - 0x00007ffb29b4e000 	C:\WINDOWS\SYSTEM32\Wldp.dll
0x00007ffb2c560000 - 0x00007ffb2c62d000 	C:\WINDOWS\System32\OLEAUT32.dll
0x00007ffb2bc30000 - 0x00007ffb2bcdd000 	C:\WINDOWS\System32\SHCORE.dll
0x00007ffb2c7b0000 - 0x00007ffb2c805000 	C:\WINDOWS\System32\shlwapi.dll
0x00007ffb2a0f0000 - 0x00007ffb2a113000 	C:\WINDOWS\SYSTEM32\profapi.dll
0x00007ffb15810000 - 0x00007ffb15820000 	C:\Program Files\Java\jdk-21\bin\net.dll
0x00007ffb240e0000 - 0x00007ffb241ea000 	C:\WINDOWS\SYSTEM32\WINHTTP.dll
0x00007ffb29880000 - 0x00007ffb298ea000 	C:\WINDOWS\system32\mswsock.dll
0x00007ffb0a670000 - 0x00007ffb0a686000 	C:\Program Files\Java\jdk-21\bin\nio.dll
0x00007ffb0a650000 - 0x00007ffb0a668000 	C:\Program Files\Java\jdk-21\bin\zip.dll
0x00007ffb14950000 - 0x00007ffb1495e000 	C:\Program Files\Java\jdk-21\bin\sunmscapi.dll
0x00007ffb2a1c0000 - 0x00007ffb2a31e000 	C:\WINDOWS\System32\CRYPT32.dll
0x00007ffb29b90000 - 0x00007ffb29bb8000 	C:\WINDOWS\SYSTEM32\ncrypt.dll
0x00007ffb29b50000 - 0x00007ffb29b8b000 	C:\WINDOWS\SYSTEM32\NTASN1.dll
0x00007ffb29a70000 - 0x00007ffb29a88000 	C:\WINDOWS\SYSTEM32\CRYPTSP.dll
0x00007ffb291a0000 - 0x00007ffb291d4000 	C:\WINDOWS\system32\rsaenh.dll
0x00007ffb2a040000 - 0x00007ffb2a06e000 	C:\WINDOWS\SYSTEM32\USERENV.dll
0x00007ffb29a90000 - 0x00007ffb29a9c000 	C:\WINDOWS\SYSTEM32\CRYPTBASE.dll
0x00007ffb29560000 - 0x00007ffb2959b000 	C:\WINDOWS\SYSTEM32\IPHLPAPI.DLL
0x00007ffb2af20000 - 0x00007ffb2af28000 	C:\WINDOWS\System32\NSI.dll
0x00007ffb17890000 - 0x00007ffb1789a000 	C:\Program Files\Java\jdk-21\bin\management.dll
0x00007ffb11010000 - 0x00007ffb1101b000 	C:\Program Files\Java\jdk-21\bin\management_ext.dll
0x00007ffb2ab40000 - 0x00007ffb2ab48000 	C:\WINDOWS\System32\PSAPI.DLL
0x00007ffb295a0000 - 0x00007ffb2966b000 	C:\WINDOWS\SYSTEM32\DNSAPI.dll
0x00007ffb1c6d0000 - 0x00007ffb1c6da000 	C:\Windows\System32\rasadhlp.dll
0x00007ffb1ca30000 - 0x00007ffb1cab0000 	C:\WINDOWS\System32\fwpuclnt.dll
0x00007ffb10490000 - 0x00007ffb10499000 	C:\Program Files\Java\jdk-21\bin\extnet.dll
0x00007ffb1cc50000 - 0x00007ffb1cc57000 	C:\WINDOWS\system32\wshunix.dll

dbghelp: loaded successfully - version: 4.0.5 - missing functions: none
symbol engine: initialized successfully - sym options: 0x614 - pdb path: .;C:\Program Files\Java\jdk-21\bin;C:\WINDOWS\SYSTEM32;C:\WINDOWS\WinSxS\amd64_microsoft.windows.common-controls_6595b64144ccf1df_6.0.19041.3636_none_60b6a03d71f818d5;C:\Program Files\Java\jdk-21\bin\server

VM Arguments:
jvm_args: -XX:TieredStopAtLevel=1 
java_command: com.tomapedido.backend.BackendApplication
java_class_path (initial): D:\ProyectosReales\TomaPedido\backend\target\classes;C:\Users\Cristian\.m2\repository\ch\qos\logback\logback-classic\1.5.34\logback-classic-1.5.34.jar;C:\Users\Cristian\.m2\repository\ch\qos\logback\logback-core\1.5.34\logback-core-1.5.34.jar;C:\Users\Cristian\.m2\repository\org\apache\logging\log4j\log4j-to-slf4j\2.25.4\log4j-to-slf4j-2.25.4.jar;C:\Users\Cristian\.m2\repository\org\apache\logging\log4j\log4j-api\2.25.4\log4j-api-2.25.4.jar;C:\Users\Cristian\.m2\repository\org\slf4j\jul-to-slf4j\2.0.18\jul-to-slf4j-2.0.18.jar;C:\Users\Cristian\.m2\repository\org\springframework\boot\spring-boot-autoconfigure\4.1.0\spring-boot-autoconfigure-4.1.0.jar;C:\Users\Cristian\.m2\repository\jakarta\annotation\jakarta.annotation-api\3.0.0\jakarta.annotation-api-3.0.0.jar;C:\Users\Cristian\.m2\repository\org\yaml\snakeyaml\2.6\snakeyaml-2.6.jar;C:\Users\Cristian\.m2\repository\com\zaxxer\HikariCP\7.0.2\HikariCP-7.0.2.jar;C:\Users\Cristian\.m2\repository\org\slf4j\slf4j-api\2.0.18\slf4j-api-2.0.18.jar;C:\Users\Cristian\.m2\repository\org\springframework\boot\spring-boot-data-jpa\4.1.0\spring-boot-data-jpa-4.1.0.jar;C:\Users\Cristian\.m2\repository\org\springframework\boot\spring-boot-data-commons\4.1.0\spring-boot-data-commons-4.1.0.jar;C:\Users\Cristian\.m2\repository\org\springframework\boot\spring-boot-persistence\4.1.0\spring-boot-persistence-4.1.0.jar;C:\Users\Cristian\.m2\repository\org\springframework\data\spring-data-commons\4.1.0\spring-data-commons-4.1.0.jar;C:\Users\Cristian\.m2\repository\org\springframework\boot\spring-boot-hibernate\4.1.0\spring-boot-hibernate-4.1.0.jar;C:\Users\Cristian\.m2\repository\org\springframework\boot\spring-boot-jpa\4.1.0\spring-boot-jpa-4.1.0.jar;C:\Users\Cristian\.m2\repository\jakarta\persistence\jakarta.persistence-api\3.2.0\jakarta.persistence-api-3.2.0.jar;C:\Users\Cristian\.m2\repository\org\hibernate\orm\hibernate-core\7.4.1.Final\hibernate-core-7.4.1.Final.jar;C:\Users\Cristian\.m2\repository\jakarta\transaction\jakarta.transaction-api\2.0.1\jakarta.transaction-api-2.0.1.jar;C:\Users\Cristian\.m2\repository\org\hibernate\models\hibernate-models\1.1.1\hibernate-models-1.1.1.jar;C:\Users\Cristian\.m2\repository\org\glassfish\jaxb\jaxb-runtime\4.0.9\jaxb-runtime-4.0.9.jar;C:\Users\Cristian\.m2\repository\org\glassfish\jaxb\jaxb-core\4.0.9\jaxb-core-4.0.9.jar;C:\Users\Cristian\.m2\repository\org\eclipse\angus\angus-activation\2.0.3\angus-activation-2.0.3.jar;C:\Users\Cristian\.m2\repository\org\glassfish\jaxb\txw2\4.0.9\txw2-4.0.9.jar;C:\Users\Cristian\.m2\repository\com\sun\istack\istack-commons-runtime\4.1.2\istack-commons-runtime-4.1.2.jar;C:\Users\Cristian\.m2\repository\jakarta\inject\jakarta.inject-api\2.0.1\jakarta.inject-api-2.0.1.jar;C:\Users\Cristian\.m2\repository\org\springframework\spring-orm\7.0.8\spring-orm-7.0.8.jar;C:\Users\Cristian\.m2\repository\org\springframework\data\spring-data-jpa\4.1.0\spring-data-jpa-4.1.0.jar;C:\Users\Cristian\.m2\repository\org\springframework\spring-context\7.0.8\spring-context-7.0.8.jar;C:\Users\Cristian\.m2\repository\org\springframework\spring-tx\7.0.8\spring-tx-7.0.8.jar;C:\Users\Cristian\.m2\repository\org\antlr\antlr4-runtime\4.13.2\antlr4-runtime-4.13.2.jar;C:\Users\Cristian\.m2\repository\org\springframework\spring-aspects\7.0.8\spring-aspects-7.0.8.jar;C:\Users\Cristian\.m2\repository\org\aspectj\aspectjweaver\1.9.25.1\aspectjweaver-1.9.25.1.jar;C:\Users\Cristian\.m2\repository\org\springframework\boot\spring-boot-jdbc\4.1.0\spring-boot-jdbc-4.1.0.jar;C:\Users\Cristian\.m2\repository\org\springframework\boot\spring-boot\4.1.0\spring-boot-4.1.0.jar;C:\Users\Cristian\.m2\repository\org\springframework\boot\spring-boot-sql\4.1.0\spring-boot-sql-4.1.0.jar;C:\Users\Cristian\.m2\repository\org\springframework\boot\spring-boot-transaction\4.1.0\spring-boot-transaction-4.1.0.jar;C:\Users\Cristian\.m2\repository\org\springframework\spring-jdbc\7.0.8\spring-jdbc-7.0.8.jar;C:\Users\Cristian\.m2\repository\org\springframework\boot\spring-boot-security\4.1.0\spring-boot-security-4.1.0.jar;C:\Users\Cristian\.m2\repository\org\springframework\security\spring-security-config\7.1.0\spring-security-config-7.1.0.jar;C:\Users\Cristian\.m2\repository\org\springframework\security\spring-security-core\7.1.0\spring-security-core-7.1.0.jar;C:\Users\Cristian\.m2\repository\org\springframework\security\spring-security-crypto\7.1.0\spring-security-crypto-7.1.0.jar;C:\Users\Cristian\.m2\repository\org\springframework\security\spring-security-web\7.1.0\spring-security-web-7.1.0.jar;C:\Users\Cristian\.m2\repository\org\springframework\spring-expression\7.0.8\spring-expression-7.0.8.jar;C:\Users\Cristian\.m2\repository\org\springframework\spring-aop\7.0.8\spring-aop-7.0.8.jar;C:\Users\Cristian\.m2\repository\org\springframework\spring-beans\7.0.8\spring-beans-7.0.8.jar;C:\Users\Cristian\.m2\repository\org\springframework\spring-core\7.0.8\spring-core-7.0.8.jar;C:\Users\Cristian\.m2\repository\commons-logging\commons-logging\1.3.6\commons-logging-1.3.6.jar;C:\Users\Cristian\.m2\repository\org\jspecify\jspecify\1.0.0\jspecify-1.0.0.jar;C:\Users\Cristian\.m2\repository\org\springframework\boot\spring-boot-validation\4.1.0\spring-boot-validation-4.1.0.jar;C:\Users\Cristian\.m2\repository\org\apache\tomcat\embed\tomcat-embed-el\11.0.22\tomcat-embed-el-11.0.22.jar;C:\Users\Cristian\.m2\repository\org\hibernate\validator\hibernate-validator\9.1.0.Final\hibernate-validator-9.1.0.Final.jar;C:\Users\Cristian\.m2\repository\jakarta\validation\jakarta.validation-api\3.1.1\jakarta.validation-api-3.1.1.jar;C:\Users\Cristian\.m2\repository\org\jboss\logging\jboss-logging\3.6.3.Final\jboss-logging-3.6.3.Final.jar;C:\Users\Cristian\.m2\repository\com\fasterxml\classmate\1.7.3\classmate-1.7.3.jar;C:\Users\Cristian\.m2\repository\org\springframework\boot\spring-boot-jackson\4.1.0\spring-boot-jackson-4.1.0.jar;C:\Users\Cristian\.m2\repository\tools\jackson\core\jackson-databind\3.1.4\jackson-databind-3.1.4.jar;C:\Users\Cristian\.m2\repository\com\fasterxml\jackson\core\jackson-annotations\2.21\jackson-annotations-2.21.jar;C:\Users\Cristian\.m2\repository\tools\jackson\core\jackson-core\3.1.4\jackson-core-3.1.4.jar;C:\Users\Cristian\.m2\repository\org\apache\tomcat\embed\tomcat-embed-core\11.0.22\tomcat-embed-core-11.0.22.jar;C:\Users\Cristian\.m2\repository\org\apache\tomcat\embed\tomcat-embed-websocket\11.0.22\tomcat-embed-websocket-11.0.22.jar;C:\Users\Cristian\.m2\repository\org\springframework\boot\spring-boot-tomcat\4.1.0\spring-boot-tomcat-4.1.0.jar;C:\Users\Cristian\.m2\repository\org\springframework\boot\spring-boot-http-converter\4.1.0\spring-boot-http-converter-4.1.0.jar;C:\Users\Cristian\.m2\repository\org\springframework\spring-web\7.0.8\spring-web-7.0.8.jar;C:\Users\Cristian\.m2\repository\io\micrometer\micrometer-observation\1.17.0\micrometer-observation-1.17.0.jar;C:\Users\Cristian\.m2\repository\io\micrometer\micrometer-commons\1.17.0\micrometer-commons-1.17.0.jar;C:\Users\Cristian\.m2\repository\org\springframework\boot\spring-boot-webmvc\4.1.0\spring-boot-webmvc-4.1.0.jar;C:\Users\Cristian\.m2\repository\org\springframework\boot\spring-boot-servlet\4.1.0\spring-boot-servlet-4.1.0.jar;C:\Users\Cristian\.m2\repository\org\springframework\spring-webmvc\7.0.8\spring-webmvc-7.0.8.jar;C:\Users\Cristian\.m2\repository\org\postgresql\postgresql\42.7.11\postgresql-42.7.11.jar;C:\Users\Cristian\.m2\repository\jakarta\xml\bind\jakarta.xml.bind-api\4.0.5\jakarta.xml.bind-api-4.0.5.jar;C:\Users\Cristian\.m2\repository\jakarta\activation\jakarta.activation-api\2.1.4\jakarta.activation-api-2.1.4.jar;C:\Users\Cristian\.m2\repository\net\bytebuddy\byte-buddy\1.18.10\byte-buddy-1.18.10.jar;C:\Users\Cristian\.m2\repository\org\springframework\boot\spring-boot-web-server\4.1.0\spring-boot-web-server-4.1.0.jar
Launcher Type: SUN_STANDARD

[Global flags]
     intx CICompilerCount                          = 2                                         {product} {ergonomic}
     uint ConcGCThreads                            = 1                                         {product} {ergonomic}
     uint G1ConcRefinementThreads                  = 2                                         {product} {ergonomic}
   size_t G1HeapRegionSize                         = 1048576                                   {product} {ergonomic}
    uintx GCDrainStackTargetSize                   = 64                                        {product} {ergonomic}
   size_t InitialHeapSize                          = 100663296                                 {product} {ergonomic}
   size_t MarkStackSize                            = 4194304                                   {product} {ergonomic}
   size_t MaxHeapSize                              = 1595932672                                {product} {ergonomic}
   size_t MaxNewSize                               = 957349888                                 {product} {ergonomic}
   size_t MinHeapDeltaBytes                        = 1048576                                   {product} {ergonomic}
   size_t MinHeapSize                              = 8388608                                   {product} {ergonomic}
    uintx NonNMethodCodeHeapSize                   = 4096                                   {pd product} {ergonomic}
    uintx NonProfiledCodeHeapSize                  = 0                                      {pd product} {ergonomic}
     bool ProfileInterpreter                       = false                                  {pd product} {command line}
    uintx ProfiledCodeHeapSize                     = 0                                      {pd product} {ergonomic}
   size_t SoftMaxHeapSize                          = 1595932672                             {manageable} {ergonomic}
     intx TieredStopAtLevel                        = 1                                         {product} {command line}
     bool UseCompressedOops                        = true                           {product lp64_product} {ergonomic}
     bool UseG1GC                                  = true                                      {product} {ergonomic}
     bool UseLargePagesIndividualAllocation        = false                                  {pd product} {ergonomic}

Logging:
Log output configuration:
 #0: stdout all=warning uptime,level,tags foldmultilines=false
 #1: stderr all=off uptime,level,tags foldmultilines=false

Environment Variables:
PATH=C:\Program Files\Common Files\Oracle\Java\javapath;C:\Program Files (x86)\Common Files\Oracle\Java\javapath;C:\WINDOWS\system32;C:\WINDOWS;C:\WINDOWS\System32\Wbem;C:\WINDOWS\System32\WindowsPowerShell\v1.0\;C:\WINDOWS\System32\OpenSSH\;C:\Program Files\Intel\WiFi\bin\;C:\Program Files\Common Files\Intel\WirelessCommon\;C:\Program Files\Git\cmd;C:\Program Files\Apache\Maven\apache-maven-3.9.12\bin;C:\Program Files\nodejs\;C:\Users\Cristian\AppData\Local\pnpm;C:\Users\Cristian\AppData\Local\Programs\Python\Python311\Scripts\;C:\Users\Cristian\AppData\Local\Programs\Python\Python311\;C:\Users\Cristian\AppData\Local\Programs\Python\Launcher\;C:\Users\Cristian\AppData\Local\Microsoft\WindowsApps;C:\Users\Cristian\AppData\Local\Programs\Microsoft VS Code\bin;C:\Program Files\Intel\WiFi\bin\;C:\Program Files\Common Files\Intel\WirelessCommon\;C:\Users\Cristian\AppData\Local\Programs\Python\Python312;C:\Users\Cristian\AppData\Local\Programs\Python\Python312\Scripts;C:\Users\Cristian\AppData\Local\Programs\mongosh\;C:\Users\Cristian\AppData\Roaming\npm;C:\Program Files\JetBrains\IntelliJ IDEA 2026.1.1\bin;c:\Users\Cristian\.vscode\extensions\vscjava.vscode-java-debug-0.59.0\bundled\scripts\noConfigScripts
USERNAME=Cristian
LANG=en_US.UTF-8
OS=Windows_NT
PROCESSOR_IDENTIFIER=Intel64 Family 6 Model 42 Stepping 7, GenuineIntel
TMP=C:\Users\Cristian\AppData\Local\Temp
TEMP=C:\Users\Cristian\AppData\Local\Temp




Periodic native trim disabled

---------------  S Y S T E M  ---------------

OS:
 Windows 10 , 64 bit Build 19041 (10.0.19041.3636)
OS uptime: 0 days 8:38 hours

CPU: total 2 (initial active 2) (2 cores per cpu, 1 threads per core) family 6 model 42 stepping 7 microcode 0x2f, cx8, cmov, fxsr, mmx, sse, sse2, sse3, ssse3, sse4.1, sse4.2, popcnt, tsc, tscinvbit, clmul, clflush, rdtscp
Processor Information for all 2 processors :
  Max Mhz: 2000, Current Mhz: 2000, Mhz Limit: 2000

Memory: 4k page, system-wide physical 6087M (350M free)
TotalPageFile size 9138M (AvailPageFile size 1786M)
current process WorkingSet (physical memory assigned to process): 216M, peak: 220M
current process commit charge ("private bytes"): 244M, peak: 248M

vm_info: Java HotSpot(TM) 64-Bit Server VM (21.0.7+8-LTS-245) for windows-amd64 JRE (21.0.7+8-LTS-245), built on 2025-02-21T05:11:27Z by "mach5one" with MS VC++ 17.6 (VS2022)

END.
